client/src/hooks/use-auth.ts(2,20): error TS2305: Module '"@shared/routes"' has no exported member 'InsertUser'.
client/src/pages/Dashboard.tsx(51,40): error TS2345: Argument of type 'number' is not assignable to parameter of type '{ taskId: number; date: string; }'.
server/auth.ts(30,20): error TS2339: Property 'sessionStore' does not exist on type 'DatabaseStorage'.
